EN prose blocks: 55 | IT prose blocks: 54
=== per-line EN -> IT (⚠ = IT fails has_prose, would drop from count) ===
  '# The Flying Inn — Chapter 12: VEGETARIANISM IN THE FOREST (part 2)'
   -> "# L'osteria volante - Capitolo 12: IL VEGETARISMO NELLA FORESTA (parte 2)"
  '“Oh I knew a Doctor Gluck,'
   -> '“Ah! Conoscevo un dottor Gluck,'
  'And his nose it had a hook,'
   -> 'E il suo naso aveva un uncino,'
  'And his attitudes were anything but Aryan;'
   -> "E i suoi atteggiamenti erano tutt'altro che ariani;"
  'So I gave him all the pork'
   -> 'Così gli ho dato tutto il prosciutto'
  'That I had, upon a fork;'
   -> 'Che avevo su un forchetta;'
  'Because I am myself a [[vegetarian|Vegetarian]].”'
   -> "Perché anch'io sono un [[vegetarian|vegetariano]].»"
  '“If you are,” said Humphrey Pump, “You’d better come and eat some vegetables. The White Hat can be eaten cold–or raw, for that matter. But Bloodspots wants some cooking.”'
   -> "«Se lo sei», disse Humphrey Pump, «è meglio che venga a mangiare un po' di verdure. Il Cappello Bianco può essere mangiato freddo - o crudo, del resto. Ma il Macchiabianca vuole una cottura.»"
  '“You are right, Hump,” said Dalroy, seating himself with every appearance of speechless [[Greed|greed]]. “I will be silent. As the poet says–'
   -> '«Avete ragione, Hump», disse Dalroy, sedendosi con ogni apparenza di silenziosa [[Greed|avidità]]. «Resterò in silenzio. Come dice il poeta:'
  '“I am silent in the Club,'
   -> '"Sono silenzioso al Circolo,"'
  'I am silent in the pub,'
   -> 'Sono silenzioso al pub,'
  'I am silent on a bally peak in Darien;'
   -> 'Sono silenzioso su una dannata vetta nel Darien;'
  'For I stuff away for life,'
   -> 'Perché mi riempio la vita di cose,'
  'Shoving peas in with a knife,'
   -> 'Infilare i piselli con un coltello,'
  'Because I am at heart a [[vegetarian|Vegetarian]].”'
   -> 'Perché, in fondo al cuore, sono un [[vegetarian|vegetariano]].»'
  'He fell to his food with great gusto, dispatched a good deal of it in a very short [[Time|time]], threw a glance of gloomy envy at the cask, and then sprang to his feet again. He caught up the inn-sign from where it leant against the Pantomime Cottage, and planted it like a pike in the ground beside him. Then he began to sing again, in an even louder voice than before.'
   -> "Si avventò sul cibo con grande gusto, ne consumò una buona quantità in un [[Time|tempo]] brevissimo, lanciò uno sguardo di cupa invidia alla botte e poi si rialzò di scatto. Afferrò il cartello dell'osteria da dove era appoggiato contro la Pantomime Cottage e lo piantò come una picca nel terreno accanto a lui. Poi ricominciò a cantare, con una voce ancora più forte di prima."
  '“O, Lord Ivywood may lop,'
   -> '"O, Lord Ivywood può tagliare,"'
  'And his privilege is sylvan and riparian;'
   -> 'E il suo privilegio è boschivo e fluviale;'
  'And is also free to top,'
   -> 'E inoltre è libero di completare,'
⚠ 'But–.”'
   -> 'Ma...'
  '“Do you know,” said Hump, also finishing his lunch, “that I’m rather tired of that particular tune?”'
   -> "«Sapete», disse Hump, finendo anche lui il suo pranzo, «che mi sto un po' stancando di quella particolare melodia?»"
  '“Tired, is it?” said the indignant Irishman, “then I’ll sing you a longer [[Song|song]], to an even worse tune, about more and more vegetarians, and you shall see me [[Dance|dance]] as [[Well|well]]; and I will [[Dance|dance]] till you burst into [[Tears|tears]] and offer me the half of your kingdom; and I shall ask for Mr. Leveson’s head on the frying-pan. For this, let me tell you, is a [[Song|song]] of oriental origin, celebrating the caprices of an ancient Babylonian Sultan and should be performed in palaces of ivory with palm trees and a bulbul accompaniment.”'
   -> '“Stanco, eh?” disse l’indignato irlandese “allora ti canterò una [[Song|canzone]] più lunga, su un motivo ancora peggiore, di vegetariani sempre più numerosi e tu mi vedrai [[Dance|danzare]] altrettanto [[Well|bene]]; danzerò finché non scoppi in [[Dance|lacrime]] e non mi offrirai metà del tuo regno; io chiederò la testa di Mr. Leveson su una padella. Perché, sappi che questa è una [[Tears|canzone]] di origine orientale, che celebra i capricci di un antico Sultano babilonese e dovrebbe essere eseguita in palazzi d’avorio con palme e accompagnamento di bulbul.”'
  'And he began to bellow another and older [[Lyric|lyric]] of his own on vegetarianism.'
   -> "E cominciò a ruggire un'altra e più antica [[Lyric|canzone]] di sua composizione sull'argomento del vegetarianesimo."
  '“Nebuchadnezzar, the [[King]] of the Jews,'
   -> '«Nabucodonosor, il [[King|Re]] degli Ebrei,'
  'Suffered from new and original views,'
   -> 'Ha sofferto per idee nuove e originali,'
  'He crawled on his hands and knees it’s said,'
   -> 'Si dice che strisciò sulle mani e sulle ginocchia'
  'With grass in his mouth and a [[Crown|crown]] on his head,'
   -> "Con l'erba in bocca e una [[Crown|corona]] sulla testa,"
  'With a wowtyiddly, etc.'
   -> 'Con un wowtyiddly eccetera,'
  '“Those in traditional paths that trod,'
   -> '"Coloro che percorrono i sentieri tradizionali,"'
  'Thought the thing was a curse from God;'
   -> 'Pensava che fosse una maledizione di Dio;'
  'But a Pioneer men always abuse,'
   -> 'Ma i pionieri vengono sempre maltrattati,'
  'Like Nebuchadnezzar the [[King]] of the Jews.”'
   -> 'Come Nabucodonosor, il [[King|Re]] degli Ebrei».'
  'Dalroy, as he sang this, actually began to [[Dance|dance]] about like a ballet girl, an enormous and ridiculous figure in the sunlight, waving the wooden sign around his head. [[quoodle|Quoodle]] opened his eyes and pricked up his ears and seemed much interested in these extraordinary evolutions. Suddenly, with one of those startling changes that will transfigure the most sedentary [[dogs]], [[quoodle|Quoodle]] decided that the [[Dance|dance]] was a game, and began to bark and bound round the performer, sometimes leaping so far into the air as almost to threaten the man’s throat. But, though the sailor naturally knew less about [[dogs]] than the countryman, he knew enough about them (as about many other things) not to be afraid, and the voice he sang with might have drowned the baying of a pack.'
   -> "Dalroy, mentre cantava questo, iniziò effettivamente ad [[Dance|ballare]] come una ballerina di balletto, un'enorme e ridicola figura alla luce del sole, agitando il cartello di legno sopra la sua testa. [[quoodle|Quoodle]] aprì gli occhi e drizzò le orecchie e sembrò molto interessato a queste straordinarie evoluzioni. Improvvisamente, con uno di quei cambiamenti sorprendenti che possono trasfigurare i cani più sedentari, [[quoodle|Quoodle]] decise che la [[Dance|danza]] era un gioco e iniziò ad abbaiare e a saltellare intorno all'artista, talvolta balzando così in alto da minacciare quasi la gola dell'uomo. Ma, sebbene il marinaio naturalmente sapesse meno dei contadini riguardo ai [[dogs|cani]], ne sapeva abbastanza (come su molte altre cose) per non aver paura, e la voce con cui cantava avrebbe potuto sovrastare l'abbaiare di una muta."
  '“Black Lord Foulon the Frenchmen slew,'
   -> '“Il nobile francese uccise il Signor Nero Foulon,”'
  'Thought it a Futurist thing to do;'
   -> 'Pensò che fosse una cosa da futurista fare;'
  'He offered them grass instead of bread,'
   -> 'Loro offrirono loro erba invece di pane,'
  'So they stuffed him with grass when they cut off his head.'
   -> "Così lo imbottirono d'erba quando gli tagliarono la testa."
  'With a wowtyiddly, etc.'
   -> 'Con un wowtyiddly eccetera,'
  '“For the [[Pride|pride]] of his [[Soul|soul]] he perished then,'
   -> "“Per l'[[Pride|orgoglio]] della sua [[Soul|anima]] egli morì allora,"
  'But of course it is always of [[Pride]] that men'
   -> 'Ma naturalmente si tratta sempre di [[Pride|orgoglio]] che gli uomini'
  'A Man in Advance of his Age accuse'
   -> 'Un uomo avanti rispetto al suo tempo'
  'Like Nebuchadnezzar the [[King]] of the Jews.'
   -> 'Come Nabucodonosor, il [[King|Re]] degli Ebrei.'
  '“Simeon Scudder of Styx, in Maine,'
   -> '"Simeon Scudder di Styx nel Maine,"'
  'Thought of the thing and was at it again;'
   -> 'Pensò alla cosa e ci riprovò;'
  'He gave good grass and [[Water|water]] in pails'
   -> 'Dava buon fieno e [[Water|acqua]] nei secchi'
  'To a thousand Irishmen hammering rails,'
   -> 'A mille irlandesi che martellano i binari,'
  'With a wowtyiddly, etc.'
   -> 'Con un wowtyiddly eccetera,'
  '“Appetites differ, and tied to a stake,'
   -> '"Gusti diversi e legati a un palo,"'
  'He was tarred and feathered for [[Conscience]] Sake;'
   -> 'Fu cosparso di pece e piume per amore della [[Conscience|coscienza]];'
  'But stoning the prophets is ancient news,'
   -> 'Ma lapidare i profeti è storia antica,'
  'Like Nebuchadnezzar the [[King]] of the Jews.”'
   -> 'Come Nabucodonosor, il [[King|Re]] degli Ebrei».'
  'In an abandon, unusual even for him, he had danced his way down through the thistles into the jungle of weeds risen round the sunken Chapel. And the dog, now fully convinced that it was not only a game but an expedition, perhaps a hunting expedition, ran barking in front of him, along the path that his own dog’s paws had already burst through the tangle. Before Patrick Dalroy [[Well|well]] knew what he was doing, or even remembered that he still carried the ridiculous sign-board in his hand, he found himself outside the open porch of a sort of narrow tower at the angle of a building which, to the best of his recollection, he had never seen before. [[quoodle|Quoodle]] instantly ran up four or five steps in the dark staircase inside, and then, lifting his ears again, looked back for his companion.'
   -> "In un abbandono insolito anche per lui, aveva danzato tra i cardi fino alla giungla di erbacce cresciuta intorno alla cappella affondata. E il cane, ormai pienamente convinto che non si trattasse solo di un gioco ma di una spedizione, forse addirittura di caccia, correva abbaiando davanti a lui lungo il sentiero che le zampe del suo stesso cane avevano già aperto nel groviglio. Prima che Patrick Dalroy [[Well|bene]] sapesse cosa stava facendo o anche solo ricordasse di avere ancora in mano quella ridicola targa, si ritrovò fuori dal portico aperto di una sorta di torre stretta all'angolo di un edificio che, per quanto ne sapeva, non aveva mai visto prima. [[quoodle|Quoodle]] salì immediatamente quattro o cinque gradini della scala buia all'interno e poi, rialzando le orecchie, si guardò indietro in attesa del suo compagno."
  'There is, perhaps, such a thing as asking too much of a man. If there is, it was asking too much of Patrick Dalroy to ask him not to accept so eccentric an invitation. Hurriedly plunging his unwieldy wooden ensign upright in the thick of thistles and grass, he bent his gigantic neck and shoulders to enter the porch, and proceeded to climb the stairs. It was quite dark, and it was only after at least two twists of the stone spiral that he saw light ahead of him, and then it was a sort of rent in the wall that seemed to him as ragged as the mouth of a Cornish [[Cave|cave]]. It was also so low that he had some difficulty in squeezing his bulk through it, but the dog had jumped through with an air of familiarity, and once more looked back to see him follow.'
   -> "C'è forse qualcosa che si chiede troppo a un uomo. Se c'è, era chiedere troppo a Patrick Dalroy di non accettare un invito così eccentrico. Immergendo frettolosamente il suo ingombrante vessillo di legno in mezzo ai cardi e all'erba, si piegò con il collo e le spalle gigantesche per entrare nel portico e proseguì a salire le scale. Era completamente buio, e fu solo dopo almeno due giri della scala a chiocciola che vide una luce davanti a sé, e poi sembrava un tipo di squarcio nella parete che gli apparve strappato come la bocca di una [[Cave|grotta]] del Cornovaglia. Era anche così basso che ebbe qualche difficoltà a passarci attraverso con il suo enorme corpo, ma il cane era saltato dentro con un'aria di familiarità e ancora una volta si guardò indietro per vederlo seguire."
  'If he had found himself inside any ordinary domestic interior, he would instantly have repented his escapade and gone back. But he found himself in surroundings which he had never seen before, or even, in one sense, believed possible.'
   -> "Se si fosse trovato all'interno di un qualsiasi ambiente domestico ordinario, si sarebbe subito pentito della sua evasione e sarebbe tornato indietro. Ma si ritrovò in un contesto che non aveva mai visto prima, o addirittura, in un certo senso, creduto possibile."
  'His first feeling was that he was walking in the most sealed and secret suite of apartments in the [[Castle|castle]] of [[A Dream|a dream]]. All the chambers had that air of perpetually opening inwards which is the [[Soul|soul]] of the Arabian Nights. And the ornament was of the same tradition; gorgeous and flamboyant, yet featureless and stiff. A purple mansion seemed to be built inside a green mansion and a golden mansion inside that. And the quaintly cut doorways or fretted lattices all had wavy lines like a dancing sea, and for some reason (sea-sickness for all he knew) this gave him a feeling as if the place were beautiful but faintly evil: as if it were bored and twisted for the fallen palace of the Worm.'
   -> "La sua prima sensazione fu di camminare nella suite più sigillata e segreta degli appartamenti nel [[Castle|castello]] del [[A Dream|sogno]]. Tutte le stanze avevano quell'aria di aprirsi continuamente verso l'interno che è la [[Soul|anima]] delle Mille e una notte. E gli ornamenti erano della stessa tradizione; sontuosi e vistosi, ma privi di caratteristiche e rigidi. Una dimora viola sembrava essere costruita all'interno di una dimora verde e una dimora dorata dentro quella. E le porte stranamente intagliate o i reticoli lavorati a giorno avevano tutti linee ondulate come un mare danzante, e per qualche motivo (forse il mal di mare) questo gli dava la sensazione che il luogo fosse bello ma vagamente maligno: come se fosse annoiato e contorto per essere il palazzo caduto del Verme."

VALIDATION: ['block count 55 EN vs 54 IT (emitter would skip page)']
